[INFO] Error stacktraces are turned on.
[INFO] Scanning for projects...
[INFO] 
[INFO] ----------------------< com.smartwallet:backend >-----------------------
[INFO] Building backend 0.0.1-SNAPSHOT
[INFO]   from pom.xml
[INFO] --------------------------------[ jar ]---------------------------------
[INFO] 
[INFO] --- clean:3.3.2:clean (default-clean) @ backend ---
[INFO] Deleting C:\Users\abirm\Downloads\backend\backend\target
[INFO] 
[INFO] --- resources:3.3.1:resources (default-resources) @ backend ---
[INFO] Copying 1 resource from src\main\resources to target\classes
[INFO] Copying 2 resources from src\main\resources to target\classes
[INFO] 
[INFO] --- compiler:3.13.0:compile (default-compile) @ backend ---
[INFO] Recompiling the module because of changed source code.
[INFO] Compiling 71 source files with javac [debug parameters release 17] to target\classes
[INFO] -------------------------------------------------------------
[ERROR] COMPILATION ERROR : 
[INFO] -------------------------------------------------------------
[ERROR] /C:/Users/abirm/Downloads/backend/backend/src/main/java/com/smartwallet/backend/service/RevenuService.java:[21,16] cannot find symbol
  symbol:   variable revenuRepository
  location: class com.smartwallet.backend.service.RevenuService
[ERROR] /C:/Users/abirm/Downloads/backend/backend/src/main/java/com/smartwallet/backend/service/RevenuService.java:[37,30] cannot find symbol
  symbol:   variable revenuRepository
  location: class com.smartwallet.backend.service.RevenuService
[ERROR] /C:/Users/abirm/Downloads/backend/backend/src/main/java/com/smartwallet/backend/service/RevenuService.java:[43,25] cannot find symbol
  symbol:   variable revenuRepository
  location: class com.smartwallet.backend.service.RevenuService
[ERROR] /C:/Users/abirm/Downloads/backend/backend/src/main/java/com/smartwallet/backend/service/RevenuService.java:[60,26] cannot find symbol
  symbol:   variable revenuRepository
  location: class com.smartwallet.backend.service.RevenuService
[ERROR] /C:/Users/abirm/Downloads/backend/backend/src/main/java/com/smartwallet/backend/service/RevenuService.java:[73,33] cannot find symbol
  symbol:   variable aiCategorizationService
  location: class com.smartwallet.backend.service.RevenuService
[ERROR] /C:/Users/abirm/Downloads/backend/backend/src/main/java/com/smartwallet/backend/service/RevenuService.java:[79,29] cannot find symbol
  symbol:   variable categorieRepository
  location: class com.smartwallet.backend.service.RevenuService
[ERROR] /C:/Users/abirm/Downloads/backend/backend/src/main/java/com/smartwallet/backend/service/RevenuService.java:[84,32] cannot find symbol
  symbol:   variable categorieRepository
  location: class com.smartwallet.backend.service.RevenuService
[ERROR] /C:/Users/abirm/Downloads/backend/backend/src/main/java/com/smartwallet/backend/service/RevenuService.java:[91,25] cannot find symbol
  symbol:   variable revenuRepository
  location: class com.smartwallet.backend.service.RevenuService
[ERROR] /C:/Users/abirm/Downloads/backend/backend/src/main/java/com/smartwallet/backend/service/RevenuService.java:[95,9] cannot find symbol
  symbol:   variable revenuRepository
  location: class com.smartwallet.backend.service.RevenuService
[ERROR] /C:/Users/abirm/Downloads/backend/backend/src/main/java/com/smartwallet/backend/service/RevenuService.java:[100,16] cannot find symbol
  symbol:   variable revenuRepository
  location: class com.smartwallet.backend.service.RevenuService
[ERROR] /C:/Users/abirm/Downloads/backend/backend/src/main/java/com/smartwallet/backend/service/RevenuService.java:[108,16] cannot find symbol
  symbol:   variable revenuRepository
  location: class com.smartwallet.backend.service.RevenuService
[ERROR] /C:/Users/abirm/Downloads/backend/backend/src/main/java/com/smartwallet/backend/service/RevenuService.java:[116,32] cannot find symbol
  symbol:   variable revenuRepository
  location: class com.smartwallet.backend.service.RevenuService
[ERROR] /C:/Users/abirm/Downloads/backend/backend/src/main/java/com/smartwallet/backend/scheduler/NotificationScheduler.java:[34,9] cannot find symbol
  symbol:   variable logger
  location: class com.smartwallet.backend.scheduler.NotificationScheduler
[ERROR] /C:/Users/abirm/Downloads/backend/backend/src/main/java/com/smartwallet/backend/scheduler/NotificationScheduler.java:[51,9] cannot find symbol
  symbol:   variable logger
  location: class com.smartwallet.backend.scheduler.NotificationScheduler
[ERROR] /C:/Users/abirm/Downloads/backend/backend/src/main/java/com/smartwallet/backend/scheduler/NotificationScheduler.java:[54,9] cannot find symbol
  symbol:   variable logger
  location: class com.smartwallet.backend.scheduler.NotificationScheduler
[INFO] 15 errors 
[INFO] -------------------------------------------------------------
[INFO] ------------------------------------------------------------------------
[INFO] BUILD FAILURE
[INFO] ------------------------------------------------------------------------
[INFO] Total time:  10.718 s
[INFO] Finished at: 2026-03-27T12:16:56+01:00
[INFO] ------------------------------------------------------------------------
[ERROR] Failed to execute goal org.apache.maven.plugins:maven-compiler-plugin:3.13.0:compile (default-compile) on project backend: Compilation failure: Compilation failure: 
[ERROR] /C:/Users/abirm/Downloads/backend/backend/src/main/java/com/smartwallet/backend/service/RevenuService.java:[21,16] cannot find symbol
[ERROR]   symbol:   variable revenuRepository
[ERROR]   location: class com.smartwallet.backend.service.RevenuService
[ERROR] /C:/Users/abirm/Downloads/backend/backend/src/main/java/com/smartwallet/backend/service/RevenuService.java:[37,30] cannot find symbol
[ERROR]   symbol:   variable revenuRepository
[ERROR]   location: class com.smartwallet.backend.service.RevenuService
[ERROR] /C:/Users/abirm/Downloads/backend/backend/src/main/java/com/smartwallet/backend/service/RevenuService.java:[43,25] cannot find symbol
[ERROR]   symbol:   variable revenuRepository
[ERROR]   location: class com.smartwallet.backend.service.RevenuService
[ERROR] /C:/Users/abirm/Downloads/backend/backend/src/main/java/com/smartwallet/backend/service/RevenuService.java:[60,26] cannot find symbol
[ERROR]   symbol:   variable revenuRepository
[ERROR]   location: class com.smartwallet.backend.service.RevenuService
[ERROR] /C:/Users/abirm/Downloads/backend/backend/src/main/java/com/smartwallet/backend/service/RevenuService.java:[73,33] cannot find symbol
[ERROR]   symbol:   variable aiCategorizationService
[ERROR]   location: class com.smartwallet.backend.service.RevenuService
[ERROR] /C:/Users/abirm/Downloads/backend/backend/src/main/java/com/smartwallet/backend/service/RevenuService.java:[79,29] cannot find symbol
[ERROR]   symbol:   variable categorieRepository
[ERROR]   location: class com.smartwallet.backend.service.RevenuService
[ERROR] /C:/Users/abirm/Downloads/backend/backend/src/main/java/com/smartwallet/backend/service/RevenuService.java:[84,32] cannot find symbol
[ERROR]   symbol:   variable categorieRepository
[ERROR]   location: class com.smartwallet.backend.service.RevenuService
[ERROR] /C:/Users/abirm/Downloads/backend/backend/src/main/java/com/smartwallet/backend/service/RevenuService.java:[91,25] cannot find symbol
[ERROR]   symbol:   variable revenuRepository
[ERROR]   location: class com.smartwallet.backend.service.RevenuService
[ERROR] /C:/Users/abirm/Downloads/backend/backend/src/main/java/com/smartwallet/backend/service/RevenuService.java:[95,9] cannot find symbol
[ERROR]   symbol:   variable revenuRepository
[ERROR]   location: class com.smartwallet.backend.service.RevenuService
[ERROR] /C:/Users/abirm/Downloads/backend/backend/src/main/java/com/smartwallet/backend/service/RevenuService.java:[100,16] cannot find symbol
[ERROR]   symbol:   variable revenuRepository
[ERROR]   location: class com.smartwallet.backend.service.RevenuService
[ERROR] /C:/Users/abirm/Downloads/backend/backend/src/main/java/com/smartwallet/backend/service/RevenuService.java:[108,16] cannot find symbol
[ERROR]   symbol:   variable revenuRepository
[ERROR]   location: class com.smartwallet.backend.service.RevenuService
[ERROR] /C:/Users/abirm/Downloads/backend/backend/src/main/java/com/smartwallet/backend/service/RevenuService.java:[116,32] cannot find symbol
[ERROR]   symbol:   variable revenuRepository
[ERROR]   location: class com.smartwallet.backend.service.RevenuService
[ERROR] /C:/Users/abirm/Downloads/backend/backend/src/main/java/com/smartwallet/backend/scheduler/NotificationScheduler.java:[34,9] cannot find symbol
[ERROR]   symbol:   variable logger
[ERROR]   location: class com.smartwallet.backend.scheduler.NotificationScheduler
[ERROR] /C:/Users/abirm/Downloads/backend/backend/src/main/java/com/smartwallet/backend/scheduler/NotificationScheduler.java:[51,9] cannot find symbol
[ERROR]   symbol:   variable logger
[ERROR]   location: class com.smartwallet.backend.scheduler.NotificationScheduler
[ERROR] /C:/Users/abirm/Downloads/backend/backend/src/main/java/com/smartwallet/backend/scheduler/NotificationScheduler.java:[54,9] cannot find symbol
[ERROR]   symbol:   variable logger
[ERROR]   location: class com.smartwallet.backend.scheduler.NotificationScheduler
[ERROR] -> [Help 1]
org.apache.maven.lifecycle.LifecycleExecutionException: Failed to execute goal org.apache.maven.plugins:maven-compiler-plugin:3.13.0:compile (default-compile) on project backend: Compilation failure
    at org.apache.maven.lifecycle.internal.MojoExecutor.doExecute2 (MojoExecutor.java:333)
    at org.apache.maven.lifecycle.internal.MojoExecutor.doExecute (MojoExecutor.java:316)
    at org.apache.maven.lifecycle.internal.MojoExecutor.execute (MojoExecutor.java:212)
    at org.apache.maven.lifecycle.internal.MojoExecutor.execute (MojoExecutor.java:174)
    at org.apache.maven.lifecycle.internal.MojoExecutor.access$000 (MojoExecutor.java:75)
    at org.apache.maven.lifecycle.internal.MojoExecutor$1.run (MojoExecutor.java:162)
    at org.apache.maven.plugin.DefaultMojosExecutionStrategy.execute (DefaultMojosExecutionStrategy.java:39)
    at org.apache.maven.lifecycle.internal.MojoExecutor.execute (MojoExecutor.java:159)
    at org.apache.maven.lifecycle.internal.LifecycleModuleBuilder.buildProject (LifecycleModuleBuilder.java:105)
    at org.apache.maven.lifecycle.internal.LifecycleModuleBuilder.buildProject (LifecycleModuleBuilder.java:73)
    at org.apache.maven.lifecycle.internal.builder.singlethreaded.SingleThreadedBuilder.build (SingleThreadedBuilder.java:53)
    at org.apache.maven.lifecycle.internal.LifecycleStarter.execute (LifecycleStarter.java:118)
    at org.apache.maven.DefaultMaven.doExecute (DefaultMaven.java:261)
    at org.apache.maven.DefaultMaven.doExecute (DefaultMaven.java:173)
    at org.apache.maven.DefaultMaven.execute (DefaultMaven.java:101)
    at org.apache.maven.cli.MavenCli.execute (MavenCli.java:919)
    at org.apache.maven.cli.MavenCli.doMain (MavenCli.java:285)
    at org.apache.maven.cli.MavenCli.main (MavenCli.java:207)
    at jdk.internal.reflect.NativeMethodAccessorImpl.invoke0 (Native Method)
    at jdk.internal.reflect.NativeMethodAccessorImpl.invoke (NativeMethodAccessorImpl.java:77)
    at jdk.internal.reflect.DelegatingMethodAccessorImpl.invoke (DelegatingMethodAccessorImpl.java:43)
    at java.lang.reflect.Method.invoke (Method.java:569)
    at org.codehaus.plexus.classworlds.launcher.Launcher.launchEnhanced (Launcher.java:255)
    at org.codehaus.plexus.classworlds.launcher.Launcher.launch (Launcher.java:201)
    at org.codehaus.plexus.classworlds.launcher.Launcher.mainWithExitCode (Launcher.java:361)
    at org.codehaus.plexus.classworlds.launcher.Launcher.main (Launcher.java:314)
Caused by: org.apache.maven.plugin.compiler.CompilationFailureException: Compilation failure
    at org.apache.maven.plugin.compiler.AbstractCompilerMojo.execute (AbstractCompilerMojo.java:1309)
    at org.apache.maven.plugin.compiler.CompilerMojo.execute (CompilerMojo.java:215)
    at org.apache.maven.plugin.DefaultBuildPluginManager.executeMojo (DefaultBuildPluginManager.java:126)
    at org.apache.maven.lifecycle.internal.MojoExecutor.doExecute2 (MojoExecutor.java:328)
    at org.apache.maven.lifecycle.internal.MojoExecutor.doExecute (MojoExecutor.java:316)
    at org.apache.maven.lifecycle.internal.MojoExecutor.execute (MojoExecutor.java:212)
    at org.apache.maven.lifecycle.internal.MojoExecutor.execute (MojoExecutor.java:174)
    at org.apache.maven.lifecycle.internal.MojoExecutor.access$000 (MojoExecutor.java:75)
    at org.apache.maven.lifecycle.internal.MojoExecutor$1.run (MojoExecutor.java:162)
    at org.apache.maven.plugin.DefaultMojosExecutionStrategy.execute (DefaultMojosExecutionStrategy.java:39)
    at org.apache.maven.lifecycle.internal.MojoExecutor.execute (MojoExecutor.java:159)
    at org.apache.maven.lifecycle.internal.LifecycleModuleBuilder.buildProject (LifecycleModuleBuilder.java:105)
    at org.apache.maven.lifecycle.internal.LifecycleModuleBuilder.buildProject (LifecycleModuleBuilder.java:73)
    at org.apache.maven.lifecycle.internal.builder.singlethreaded.SingleThreadedBuilder.build (SingleThreadedBuilder.java:53)
    at org.apache.maven.lifecycle.internal.LifecycleStarter.execute (LifecycleStarter.java:118)
    at org.apache.maven.DefaultMaven.doExecute (DefaultMaven.java:261)
    at org.apache.maven.DefaultMaven.doExecute (DefaultMaven.java:173)
    at org.apache.maven.DefaultMaven.execute (DefaultMaven.java:101)
    at org.apache.maven.cli.MavenCli.execute (MavenCli.java:919)
    at org.apache.maven.cli.MavenCli.doMain (MavenCli.java:285)
    at org.apache.maven.cli.MavenCli.main (MavenCli.java:207)
    at jdk.internal.reflect.NativeMethodAccessorImpl.invoke0 (Native Method)
    at jdk.internal.reflect.NativeMethodAccessorImpl.invoke (NativeMethodAccessorImpl.java:77)
    at jdk.internal.reflect.DelegatingMethodAccessorImpl.invoke (DelegatingMethodAccessorImpl.java:43)
    at java.lang.reflect.Method.invoke (Method.java:569)
    at org.codehaus.plexus.classworlds.launcher.Launcher.launchEnhanced (Launcher.java:255)
    at org.codehaus.plexus.classworlds.launcher.Launcher.launch (Launcher.java:201)
    at org.codehaus.plexus.classworlds.launcher.Launcher.mainWithExitCode (Launcher.java:361)
    at org.codehaus.plexus.classworlds.launcher.Launcher.main (Launcher.java:314)
[ERROR] 
[ERROR] Re-run Maven using the -X switch to enable full debug logging.
[ERROR] 
[ERROR] For more information about the errors and possible solutions, please read the following articles:
[ERROR] [Help 1] http://cwiki.apache.org/confluence/display/MAVEN/MojoFailureException
